HI-TECH Software C Compiler 

Linker command line:

\
  --edf=C:\Program Files (x86)\HI-TECH Software\PICC-18\PRO\9.65\dat\en_msgs.txt \
  -cs -h+usb io board.sym -z -Q18F4550 -ol.obj -Musb io board.map -E1 \
  -ACODE=00h-07FFFh -ACONST=00h-07FFFh -ASMALLCONST=0400h-04FFhx124 \
  -AMEDIUMCONST=0400h-07FFFh -ARAM=00h-0FFhx4 -ABIGRAM=00h-03FFh \
  -ACOMRAM=00h-05Fh -AABS1=00h-03FFh -ABANK0=00h-0FFh -ABANK1=0100h-01FFh \
  -ABANK2=0200h-02FFh -ABANK3=0300h-03FFh -ANVRAM=0300h-03FFh \
  -preset_vec=00h,intcode=08h,intcodelo,powerup,init,end_init \
  -pramtop=0400h -psmallconst=SMALLCONST -pmediumconst=MEDIUMCONST \
  -pconst=CONST -pparam1=BANK1 -AFARRAM=00h-00h -ACONFIG=0300000h-030000Dh \
  -pconfig=CONFIG -AIDLOC=0200000h-0200007h -pidloc=IDLOC \
  -AEEDATA=0F00000h-0F000FFh -peeprom_data=EEDATA \
  -prdata=COMRAM,nvrram=COMRAM,nvbit=COMRAM,rbss=COMRAM,rbit=COMRAM \
  -pfarbss=FARRAM,fardata=FARRAM \
  -pintsave_regs=BIGRAM,bigbss=BIGRAM,bigdata=BIGRAM -pbss=RAM \
  -pidata=CODE,irdata=CODE,ibigdata=CODE,ifardata=CODE startup.obj \
  usb io board.obj 

Object code version is 3.10

Machine type is 18F4550

Call graph: (short form)

*_main size 0,0 offset 0
     _InitialiseSystem size 0,1 offset 0
         _USBDeviceInit size 0,2 offset 2
             _memset size 6,2 offset 8
*    _USBDeviceTasks size 0,2 offset 0
         _USBWakeFromSuspend size 0,0 offset 2
             _USER_USB_CALLBACK_EVENT_HANDLER size 6,2 offset 8
                 _USBCBInitEP size 0,3 offset 16
                     _USBEnableEndpoint size 2,4 offset 19
                         _USBConfigureEndpoint size 2,5 offset 25
                             ___lwdiv size 4,4 offset 32
                     _USBTransferOnePacket size 5,2 offset 19
                 _USBCBStdSetDscHandler size 0,0 offset 16
                 _USBCBCheckOtherReq size 0,0 offset 16
                     _USBCheckHIDRequest size 0,1 offset 16
                 _USBCB_SOF_Handler size 0,0 offset 16
                 _USBCBSuspend size 0,0 offset 16
                 _USBCBWakeFromSuspend size 0,0 offset 16
                 _USBCBErrorHandler size 0,0 offset 16
         _USBDeviceInit size 0,2 offset 2
         _USBSuspend size 0,0 offset 2
             _USER_USB_CALLBACK_EVENT_HANDLER size 6,2 offset 8
*        _USER_USB_CALLBACK_EVENT_HANDLER size 6,2 offset 8
         _USBStallHandler size 0,0 offset 2
*        _USBCtrlEPService size 0,3 offset 2
*            _USBCtrlTrfSetupHandler size 0,1 offset 5
*                _USBCheckStdRequest size 0,1 offset 6
                     _USBStdGetDscHandler size 0,2 offset 7
*                    _USBStdSetCfgHandler size 0,1 offset 7
                         _memset size 6,2 offset 8
*                        _USER_USB_CALLBACK_EVENT_HANDLER size 6,2 offset 8
                     _USBStdGetStatusHandler size 0,3 offset 7
                     _USBStdFeatureReqHandler size 0,7 offset 7
*                    _USER_USB_CALLBACK_EVENT_HANDLER size 6,2 offset 8
*                _USER_USB_CALLBACK_EVENT_HANDLER size 6,2 offset 8
                 _USBCtrlEPServiceComplete size 0,1 offset 6
                     _USBCtrlTrfTxService size 0,3 offset 7
             _USBCtrlTrfOutHandler size 0,1 offset 5
                 _USBCtrlTrfRxService size 0,3 offset 6
                 _USBPrepareForNextSetupTrf size 0,3 offset 7
             _USBCtrlTrfInHandler size 0,2 offset 5
                 _USBCtrlTrfTxService size 0,3 offset 7
                 _USBPrepareForNextSetupTrf size 0,3 offset 7
     _ProcessIO size 0,5 offset 0
         _USBTransferOnePacket size 5,2 offset 19

Estimated maximum call depth: 7

*intlevel2 size 0,0 offset 40
*    _ISR size 0,19 offset 40
*        i2_USBTransferOnePacket size 5,2 offset 59

Estimated maximum call depth: 2


                Name          Link     Load   Length Selector Space Scale
startup.obj     reset_vec        0        0        4       0     0
                init            18       18       5A       4     0
                end_init        72       72       28       4     0
                config      300000   300000        E  300000     0
usb io board.obj
                intcode          8        8       10       4     0
                smallcons      400      400       C4     200     0
                idata          4C4      4C4        1     262     0
                text28        2284     2284        2     263     0
                text27        2286     2286        2     263     0
                text29        2280     2280        2     263     0
                text31        165C     165C      100     263     0
                text30        1EE4     1EE4       86     263     0
                text26        2282     2282        2     263     0
                text22        1DB8     1DB8       9E     263     0
                text21        21A0     21A0       48     263     0
                text23        227A     227A        6     263     0
                text25        206A     206A       74     263     0
                text24        2288     2288        2     263     0
                text36        175C     175C      100     263     0
                text33        1A58     1A58       F2     263     0
                text32         B7A      B7A      18E     263     0
                text34        1C2C     1C2C       D0     263     0
                text35        1012     1012      180     263     0
                text6         1192     1192      142     263     0
                text5         2150     2150       50     263     0
                text7         12D4     12D4      138     263     0
                text9         20DE     20DE       72     263     0
                text8         21E8     21E8       48     263     0
                text4         2230     2230       36     263     0
                text0         2266     2266       14     263     0
                text1          4C6      4C6      2DC     263     0
                text3         1F6A     1F6A       84     263     0
                text2         185C     185C       FE     263     0
                text17         9C8      9C8      1B2     263     0
                text16        140C     140C      134     263     0
                text18         E8E      E8E      184     263     0
                text20        195A     195A       FE     263     0
                text19        1CFC     1CFC       BC     263     0
                text15         7A2      7A2      226     263     0
                text11        1B4A     1B4A       E2     263     0
                text10        1E56     1E56       8E     263     0
                text12        1FEE     1FEE       7C     263     0
                text14         D08      D08      186     263     0
                text13        1540     1540      11C     263     0

COMMON          param1         100      100       42     100     1

TOTAL           Name          Link     Load   Length  Space
        CLASS   CODE           
                intcode          8        8       10     0
                reset_vec        0        0        4     0
                init            18       18       5A     0
                end_init        72       72       28     0
                idata          4C4      4C4        1     0
                text28        2284     2284        2     0
                text27        2286     2286        2     0
                text29        2280     2280        2     0
                text31        165C     165C      100     0
                text30        1EE4     1EE4       86     0
                text26        2282     2282        2     0
                text22        1DB8     1DB8       9E     0
                text21        21A0     21A0       48     0
                text23        227A     227A        6     0
                text25        206A     206A       74     0
                text24        2288     2288        2     0
                text36        175C     175C      100     0
                text33        1A58     1A58       F2     0
                text32         B7A      B7A      18E     0
                text34        1C2C     1C2C       D0     0
                text35        1012     1012      180     0
                text6         1192     1192      142     0
                text5         2150     2150       50     0
                text7         12D4     12D4      138     0
                text9         20DE     20DE       72     0
                text8         21E8     21E8       48     0
                text4         2230     2230       36     0
                text0         2266     2266       14     0
                text1          4C6      4C6      2DC     0
                text3         1F6A     1F6A       84     0
                text2         185C     185C       FE     0
                text17         9C8      9C8      1B2     0
                text16        140C     140C      134     0
                text18         E8E      E8E      184     0
                text20        195A     195A       FE     0
                text19        1CFC     1CFC       BC     0
                text15         7A2      7A2      226     0
                text11        1B4A     1B4A       E2     0
                text10        1E56     1E56       8E     0
                text12        1FEE     1FEE       7C     0
                text14         D08      D08      186     0
                text13        1540     1540      11C     0

        CLASS   CONST          

        CLASS   SMALLCONST     
                smallcons      400      400       C4     0

        CLASS   MEDIUMCONST    

        CLASS   RAM            

        CLASS   BIGRAM         

        CLASS   COMRAM         

        CLASS   ABS1           
                abs_s1           0        0       33     1

        CLASS   BANK0          

        CLASS   BANK1          
                param1         100      100       42     1

        CLASS   BANK2          

        CLASS   BANK3          

        CLASS   NVRAM          

        CLASS   FARRAM         

        CLASS   CONFIG         
                config      300000   300000        E     0

        CLASS   IDLOC          

        CLASS   EEDATA         



SEGMENTS        Name           Load    Length   Top     Selector    Space Class

                reset_vec       000000  000004  000004         0       0  CODE    
                intcode         000008  000092  00009A         4       0  CODE    
                param1          000100  000042  000142       100       1  BANK1   
                smallconst      000400  0000C4  0004C4       200       0  SMALLCON
                idata           0004C4  000001  0004C5       262       0  CODE    
                irdata          0004C6  001DC4  00228A       263       0  CODE    
                config          300000  00000E  30000E    300000       0  CONFIG  


UNUSED ADDRESS RANGES

        BANK0            000033-0000FF
        BANK1            000142-0001FF
        BANK2            000200-0002FF
        BANK3            000300-0003FF
        BIGRAM           000033-0000FF
                         000142-0003FF
        CODE             000004-000007
                         00009A-0003FF
                         0004C5-0004C5
                         00228A-007FFF
        COMRAM           000033-00005F
        CONST            000004-000007
                         00009A-0003FF
                         0004C5-0004C5
                         00228A-007FFF
        EEDATA           F00000-F000FF
        IDLOC            200000-200007
        MEDIUMCONST      0004C5-0004C5
                         00228A-007FFF
        NVRAM            000300-0003FF
        RAM              000033-0000FF
                         000142-0003FF
        SMALLCONST       0004C5-0004C5
                         00228A-007FFF

                                  Symbol Table

??_ISR                                   param1       000128
??_InitialiseSystem                      param1       000100
??_ProcessIO                             param1       000100
??_USBCBCheckOtherReq                    param1       000110
??_USBCBErrorHandler                     param1       000110
??_USBCBInitEP                           param1       000110
??_USBCBStdSetDscHandler                 param1       000110
??_USBCBSuspend                          param1       000110
??_USBCBWakeFromSuspend                  param1       000110
??_USBCB_SOF_Handler                     param1       000110
??_USBCheckHIDRequest                    param1       000110
??_USBCheckStdRequest                    param1       000106
??_USBConfigureEndpoint                  param1       00011B
??_USBCtrlEPService                      param1       000102
??_USBCtrlEPServiceComplete              param1       000106
??_USBCtrlTrfInHandler                   param1       000105
??_USBCtrlTrfOutHandler                  param1       000105
??_USBCtrlTrfRxService                   param1       000106
??_USBCtrlTrfSetupHandler                param1       000105
??_USBCtrlTrfTxService                   param1       000107
??_USBDeviceInit                         param1       000102
??_USBDeviceTasks                        param1       000100
??_USBEnableEndpoint                     param1       000115
??_USBPrepareForNextSetupTrf             param1       000107
??_USBStallHandler                       param1       000102
??_USBStdFeatureReqHandler               param1       000107
??_USBStdGetDscHandler                   param1       000107
??_USBStdGetStatusHandler                param1       000107
??_USBStdSetCfgHandler                   param1       000107
??_USBSuspend                            param1       000102
??_USBTransferOnePacket                  param1       000118
??_USBWakeFromSuspend                    param1       000102
??_USER_USB_CALLBACK_EVENT_HANDLER       param1       00010E
??___lwdiv                               param1       000124
??_main                                  param1       000100
??_memset                                param1       00010E
??i2_USBTransferOnePacket                param1       000140
?_ISR                                    param1       000128
?_InitialiseSystem                       param1       000100
?_ProcessIO                              param1       000100
?_USBCBCheckOtherReq                     param1       000110
?_USBCBErrorHandler                      param1       000110
?_USBCBInitEP                            param1       000110
?_USBCBStdSetDscHandler                  param1       000110
?_USBCBSuspend                           param1       000110
?_USBCBWakeFromSuspend                   param1       000110
?_USBCB_SOF_Handler                      param1       000110
?_USBCheckHIDRequest                     param1       000110
?_USBCheckStdRequest                     param1       000106
?_USBConfigureEndpoint                   param1       000119
?_USBCtrlEPService                       param1       000102
?_USBCtrlEPServiceComplete               param1       000106
?_USBCtrlTrfInHandler                    param1       000105
?_USBCtrlTrfOutHandler                   param1       000105
?_USBCtrlTrfRxService                    param1       000106
?_USBCtrlTrfSetupHandler                 param1       000105
?_USBCtrlTrfTxService                    param1       000107
?_USBDeviceInit                          param1       000102
?_USBDeviceTasks                         param1       000100
?_USBEnableEndpoint                      param1       000113
?_USBPrepareForNextSetupTrf              param1       000107
?_USBStallHandler                        param1       000102
?_USBStdFeatureReqHandler                param1       000107
?_USBStdGetDscHandler                    param1       000107
?_USBStdGetStatusHandler                 param1       000107
?_USBStdSetCfgHandler                    param1       000107
?_USBSuspend                             param1       000102
?_USBTransferOnePacket                   param1       000113
?_USBWakeFromSuspend                     param1       000102
?_USER_USB_CALLBACK_EVENT_HANDLER        param1       000108
?___lwdiv                                param1       000120
?_main                                   param1       000100
?_memset                                 param1       000108
?i2_USBTransferOnePacket                 param1       00013B
F3125                                    (abs)        00002E
USBConfigureEndpoint@EPNum               param1       000119
USBConfigureEndpoint@direction           param1       00011A
USBConfigureEndpoint@handle              param1       00011C
USBConfigureEndpoint@workaround          param1       00011B
USBCtrlEPService@setup_cnt               param1       000102
USBCtrlTrfInHandler@lastDTS              param1       000105
USBCtrlTrfRxService@byteToRead           param1       000106
USBCtrlTrfRxService@i                    param1       000107
USBCtrlTrfTxService@byteToSend           param1       000107
USBDeviceInit@i                          param1       000102
USBDeviceTasks@i                         param1       000100
USBEnableEndpoint@ep                     param1       000113
USBEnableEndpoint@options                param1       000114
USBEnableEndpoint@p                      param1       000115
USBPrepareForNextSetupTrf@p              param1       000107
USBStdFeatureReqHandler@p                param1       000109
USBStdFeatureReqHandler@pUEP             param1       000107
USBStdGetStatusHandler@p                 param1       000107
USBTransferOnePacket@data                param1       000115
USBTransferOnePacket@dir                 param1       000114
USBTransferOnePacket@ep                  param1       000113
USBTransferOnePacket@handle              param1       000118
USBTransferOnePacket@len                 param1       000117
USER_USB_CALLBACK_EVENT_HANDLER@event    param1       000108
USER_USB_CALLBACK_EVENT_HANDLER@pdata    param1       00010A
USER_USB_CALLBACK_EVENT_HANDLER@size     param1       00010C
_ADCON1                                  (abs)        000FC1
_BDT                                     (abs)        000400
_BothEP0OutUOWNsSet                      (abs)        000029
_CtrlTrfData                             (abs)        000520
_FSEN                                    (abs)        007B7A
_GIE                                     (abs)        007F97
_IPEN                                    (abs)        007E87
_ISR                                     text35       001012
_ISR$1561                                param1       000128
_InitialiseSystem                        text3        001F6A
_OSCCON                                  (abs)        000FD3
_PEIE                                    (abs)        007F96
_PIR2bits                                (abs)        000FA1
_PKTDIS                                  (abs)        007B6C
_PORTB                                   (abs)        000F81
_PORTD                                   (abs)        000F83
_PORTE                                   (abs)        000F84
_ProcessIO                               text2        00185C
_ProcessIO$1560                          param1       000100
_RESUME                                  (abs)        007B6A
_ReceivedDataBuffer                      (abs)        000480
_RemoteWakeup                            (abs)        00002A
_SE0                                     (abs)        007B6D
_SUSPND                                  (abs)        007B69
_SetupPkt                                (abs)        000500
_T0CON                                   (abs)        000FD5
_T1CON                                   (abs)        000FCD
_TMR0H                                   (abs)        000FD7
_TMR0IF                                  (abs)        007F92
_TMR0L                                   (abs)        000FD6
_TMR1H                                   (abs)        000FCF
_TMR1IE                                  (abs)        007CE8
_TMR1IF                                  (abs)        007CF0
_TMR1IP                                  (abs)        007CF8
_TMR1L                                   (abs)        000FCE
_TRISB                                   (abs)        000F93
_TRISC                                   (abs)        000F94
_TRISD                                   (abs)        000F95
_TRISE                                   (abs)        000F96
_ToSendDataBuffer                        (abs)        0004C0
_UADDR                                   (abs)        000F6E
_UCFG                                    (abs)        000F6F
_UCON                                    (abs)        000F6D
_UCONbits                                (abs)        000F6D
_UEIE                                    (abs)        000F6B
_UEIR                                    (abs)        000F6A
_UEP0                                    (abs)        000F70
_UEP0bits                                (abs)        000F70
_UEP1                                    (abs)        000F71
_UIE                                     (abs)        000F69
_UIEbits                                 (abs)        000F69
_UIR                                     (abs)        000F68
_UIRbits                                 (abs)        000F68
_UPUEN                                   (abs)        007B7C
_USBActiveConfiguration                  (abs)        00001C
_USBAlternateInterface                   (abs)        000024
_USBCBCheckOtherReq                      text23       00227A
_USBCBErrorHandler                       text29       002280
_USBCBInitEP                             text25       00206A
_USBCBStdSetDscHandler                   text24       002288
_USBCBSuspend                            text28       002284
_USBCBWakeFromSuspend                    text27       002286
_USBCB_SOF_Handler                       text26       002282
_USBCheckHIDRequest                      text32       000B7A
_USBCheckStdRequest                      text13       001540
_USBConfigureEndpoint                    text33       001A58
_USBCtrlEPService                        text6        001192
_USBCtrlEPServiceComplete                text15       0007A2
_USBCtrlTrfInHandler                     text11       001B4A
_USBCtrlTrfOutHandler                    text9        0020DE
_USBCtrlTrfRxService                     text14       000D08
_USBCtrlTrfSetupHandler                  text10       001E56
_USBCtrlTrfTxService                     text18       000E8E
_USBDeviceInit                           text7        0012D4
_USBDeviceState                          (abs)        00001D
_USBDeviceTasks                          text1        0004C6
_USBEN                                   (abs)        007B6B
_USBEnableEndpoint                       text30       001EE4
_USBInData                               (abs)        00002B
_USBInHandle                             (abs)        000022
_USBInMaxPacketSize                      (abs)        000030
_USBOutHandle                            (abs)        000020
_USBPrepareForNextSetupTrf               text12       001FEE
_USBStallHandler                         text5        002150
_USBStdFeatureReqHandler                 text17       0009C8
_USBStdGetDscHandler                     text16       00140C
_USBStdGetStatusHandler                  text20       00195A
_USBStdSetCfgHandler                     text19       001CFC
_USBSuspend                              text4        002230
_USBTransferOnePacket                    text31       00165C
_USBWakeFromSuspend                      text8        0021E8
_USB_CD_Ptr                              smallconst   0004C1
_USB_SD_Ptr                              smallconst   0004B7
_USER_USB_CALLBACK_EVENT_HANDLER         text22       001DB8
_USTAT                                   (abs)        000F6C
_USTATcopy                               (abs)        00001B
_UTRDIS                                  (abs)        007B7B
__Bnvbit                                 nvbit        000033
__Brbit                                  rbit         000033
__HRAM                                   (abs)        000000
__Habsbss0                               (abs)        000032
__Habsbss1                               (abs)        000508
__Habsbss2                               (abs)        000528
__Habsbss3                               (abs)        000533
__Habsbss4                               (abs)        000573
__Habsbss5                               (abs)        000F7F
__Hbigbss                                bigbss       000142
__Hbigdata                               bigdata      000142
__Hbss                                   bss          000033
__Hclrtext                               clrtext      0004C6
__Hconfig                                config       30000E
__Hconst                                 const        0004C4
__Hdata                                  data         0004C6
__Hdata0                                 (abs)        000033
__Heeprom_data                           eeprom_data  F00000
__Hend_init                              end_init     00009A
__Hfarbss                                farbss       000000
__Hfardata                               fardata      000000
__Hibigdata                              ibigdata     0004C6
__Hidata                                 idata        0004C5
__Hidloc                                 idloc        200000
__Hifardata                              ifardata     0004C6
__Hinit                                  init         000072
__Hintcode                               intcode      000018
__Hintcodelo                             intcodelo    000018
__Hintentry                              intentry     0004C6
__Hintret                                intret       0004C6
__Hintsave_regs                          intsave_regs 000142
__Hirdata                                irdata       0004C6
__Hmediumconst                           mediumconst  0004C4
__Hnvbit                                 nvbit        000198
__Hnvram                                 nvram        0004C6
__Hnvrram                                nvrram       000033
__Hparam                                 param1       000142
__Hparam0                                param0       0004C6
__Hparam1                                param1       000142
__Hparam2                                param2       0004C6
__Hparam3                                param3       0004C6
__Hpowerup                               powerup      000018
__Hramtop                                ramtop       000400
__Hrbit                                  rbit         000198
__Hrbss                                  rbss         000033
__Hrdata                                 rdata        000033
__Hreset_vec                             reset_vec    000004
__Hrparam                                rparam       0004C6
__Hsmallconst                            smallconst   0004C4
__Hstruct                                struct       000033
__Htemp                                  temp         000033
__Htext                                  text         0004C6
__Htext0                                 text0        0004C6
__Htext1                                 text1        0004C6
__Htext10                                text10       0004C6
__Htext11                                text11       0004C6
__Htext12                                text12       0004C6
__Htext13                                text13       0004C6
__Htext14                                text14       0004C6
__Htext15                                text15       0004C6
__Htext16                                text16       0004C6
__Htext17                                text17       0004C6
__Htext18                                text18       0004C6
__Htext19                                text19       0004C6
__Htext2                                 text2        0004C6
__Htext20                                text20       0004C6
__Htext21                                text21       0004C6
__Htext22                                text22       0004C6
__Htext23                                text23       0004C6
__Htext24                                text24       0004C6
__Htext25                                text25       0004C6
__Htext26                                text26       0004C6
__Htext27                                text27       0004C6
__Htext28                                text28       0004C6
__Htext29                                text29       0004C6
__Htext3                                 text3        0004C6
__Htext30                                text30       0004C6
__Htext31                                text31       0004C6
__Htext32                                text32       0004C6
__Htext33                                text33       0004C6
__Htext34                                text34       0004C6
__Htext35                                text35       0004C6
__Htext36                                text36       0004C6
__Htext37                                text37       0004C6
__Htext4                                 text4        0004C6
__Htext5                                 text5        0004C6
__Htext6                                 text6        0004C6
__Htext7                                 text7        0004C6
__Htext8                                 text8        0004C6
__Htext9                                 text9        0004C6
__LRAM                                   (abs)        000001
__Labsbss0                               (abs)        000000
__Labsbss1                               (abs)        000400
__Labsbss2                               (abs)        000520
__Labsbss3                               (abs)        000530
__Labsbss4                               (abs)        000570
__Labsbss5                               (abs)        000F70
__Lbigbss                                bigbss       000142
__Lbigdata                               bigdata      000142
__Lbss                                   bss          000033
__Lclrtext                               clrtext      0004C6
__Lconfig                                config       300000
__Lconst                                 const        0004C4
__Ldata                                  (abs)        000032
__Ldata0                                 (abs)        000032
__Leeprom_data                           eeprom_data  F00000
__Lend_init                              end_init     000072
__Lfarbss                                farbss       000000
__Lfardata                               fardata      000000
__Libigdata                              ibigdata     0004C6
__Lidata                                 idata        0004C4
__Lidloc                                 idloc        200000
__Lifardata                              ifardata     0004C6
__Linit                                  init         000018
__Lintcode                               intcode      000008
__Lintcodelo                             intcodelo    000018
__Lintentry                              intentry     0004C6
__Lintret                                intret       0004C6
__Lintsave_regs                          intsave_regs 000142
__Lirdata                                irdata       0004C6
__Lmediumconst                           mediumconst  0004C4
__Lnvbit                                 nvbit        000198
__Lnvram                                 nvram        0004C6
__Lnvrram                                nvrram       000033
__Lparam                                 param1       000100
__Lparam0                                param0       0004C6
__Lparam1                                param1       000100
__Lparam2                                param2       0004C6
__Lparam3                                param3       0004C6
__Lpowerup                               powerup      000018
__Lramtop                                ramtop       000400
__Lrbit                                  rbit         000198
__Lrbss                                  rbss         000033
__Lrdata                                 rdata        000033
__Lreset_vec                             reset_vec    000000
__Lrparam                                rparam       0004C6
__Lsmallconst                            smallconst   000400
__Lstruct                                struct       000033
__Ltemp                                  temp         000033
__Ltext                                  text         0004C6
__Ltext0                                 text0        0004C6
__Ltext1                                 text1        0004C6
__Ltext10                                text10       0004C6
__Ltext11                                text11       0004C6
__Ltext12                                text12       0004C6
__Ltext13                                text13       0004C6
__Ltext14                                text14       0004C6
__Ltext15                                text15       0004C6
__Ltext16                                text16       0004C6
__Ltext17                                text17       0004C6
__Ltext18                                text18       0004C6
__Ltext19                                text19       0004C6
__Ltext2                                 text2        0004C6
__Ltext20                                text20       0004C6
__Ltext21                                text21       0004C6
__Ltext22                                text22       0004C6
__Ltext23                                text23       0004C6
__Ltext24                                text24       0004C6
__Ltext25                                text25       0004C6
__Ltext26                                text26       0004C6
__Ltext27                                text27       0004C6
__Ltext28                                text28       0004C6
__Ltext29                                text29       0004C6
__Ltext3                                 text3        0004C6
__Ltext30                                text30       0004C6
__Ltext31                                text31       0004C6
__Ltext32                                text32       0004C6
__Ltext33                                text33       0004C6
__Ltext34                                text34       0004C6
__Ltext35                                text35       0004C6
__Ltext36                                text36       0004C6
__Ltext37                                text37       0004C6
__Ltext4                                 text4        0004C6
__Ltext5                                 text5        0004C6
__Ltext6                                 text6        0004C6
__Ltext7                                 text7        0004C6
__Ltext8                                 text8        0004C6
__Ltext9                                 text9        0004C6
__S0                                     (abs)        F00000
__S1                                     (abs)        000300
__USB_DESCRIPTOR                         (abs)        000400
__USB_ENDPOINT                           (abs)        000F70
___lwdiv                                 text34       001C2C
___lwdiv@counter                         param1       000124
___lwdiv@dividend                        param1       000120
___lwdiv@divisor                         param1       000122
___lwdiv@quotient                        param1       000125
__accesstop                              (abs)        000060
__activetblptr                           (abs)        000002
__config1                                (abs)        00F4DB
__config2                                (abs)        00FEDF
__config3                                (abs)        00FDFF
__config4                                (abs)        00FFFB
__config5                                (abs)        00FFFF
__config6                                (abs)        00FFFF
__config7                                (abs)        00FFFF
__end_of_ISR                             text35       001192
__end_of_InitialiseSystem                text3        001FEE
__end_of_ProcessIO                       text2        00195A
__end_of_USBCBCheckOtherReq              text23       002280
__end_of_USBCBErrorHandler               text29       002282
__end_of_USBCBInitEP                     text25       0020DE
__end_of_USBCBStdSetDscHandler           text24       00228A
__end_of_USBCBSuspend                    text28       002286
__end_of_USBCBWakeFromSuspend            text27       002288
__end_of_USBCB_SOF_Handler               text26       002284
__end_of_USBCheckHIDRequest              text32       000D08
__end_of_USBCheckStdRequest              text13       00165C
__end_of_USBConfigureEndpoint            text33       001B4A
__end_of_USBCtrlEPService                text6        0012D4
__end_of_USBCtrlEPServiceComplete        text15       0009C8
__end_of_USBCtrlTrfInHandler             text11       001C2C
__end_of_USBCtrlTrfOutHandler            text9        002150
__end_of_USBCtrlTrfRxService             text14       000E8E
__end_of_USBCtrlTrfSetupHandler          text10       001EE4
__end_of_USBCtrlTrfTxService             text18       001012
__end_of_USBDeviceInit                   text7        00140C
__end_of_USBDeviceTasks                  text1        0007A2
__end_of_USBEnableEndpoint               text30       001F6A
__end_of_USBPrepareForNextSetupTrf       text12       00206A
__end_of_USBStallHandler                 text5        0021A0
__end_of_USBStdFeatureReqHandler         text17       000B7A
__end_of_USBStdGetDscHandler             text16       001540
__end_of_USBStdGetStatusHandler          text20       001A58
__end_of_USBStdSetCfgHandler             text19       001DB8
__end_of_USBSuspend                      text4        002266
__end_of_USBTransferOnePacket            text31       00175C
__end_of_USBWakeFromSuspend              text8        002230
__end_of_USER_USB_CALLBACK_EVENT_HANDLER text22       001E56
__end_of___lwdiv                         text34       001CFC
__end_of_main                            text0        00227A
__end_of_memset                          text21       0021E8
__end_ofi2_USBTransferOnePacket          text36       00185C
__mediumconst                            mediumconst  0004C4
__ramtop                                 ramtop       000400
__smallconst                             smallconst   000400
_active_protocol                         (abs)        000027
_blinkStatusValid                        (abs)        000032
_configDescriptor1                       smallconst   00045F
_controlTransferState                    (abs)        000026
_device_dsc                              smallconst   0004A5
_exit                                    init         000018
_hid_report_in                           (abs)        000570
_hid_report_out                          (abs)        000530
_hid_rpt01                               smallconst   000488
_idle_rate                               (abs)        000028
_inPipes                                 (abs)        000000
_main                                    text0        002266
_memset                                  text21       0021A0
_outPipes                                (abs)        000006
_pBDTEntryEP0OutCurrent                  (abs)        000015
_pBDTEntryEP0OutNext                     (abs)        000013
_pBDTEntryIn                             (abs)        00000F
_pBDTEntryOut                            (abs)        000017
_pDst                                    (abs)        00001E
_sd000                                   smallconst   0004BD
_sd001                                   smallconst   000401
_sd002                                   smallconst   000435
_shortPacketStatus                       (abs)        000025
i2USBTransferOnePacket@data              param1       00013D
i2USBTransferOnePacket@dir               param1       00013C
i2USBTransferOnePacket@ep                param1       00013B
i2USBTransferOnePacket@handle            param1       000140
i2USBTransferOnePacket@len               param1       00013F
i2_USBTransferOnePacket                  text36       00175C
int_func                                 intcode      000008
intlevel0                                text         00228A
intlevel1                                text         00228A
intlevel2                                text         00228A
intlevel3                                text         00228A
memset@c                                 param1       00010A
memset@n                                 param1       00010C
memset@p                                 param1       00010E
memset@p1                                param1       000108
start                                    init         000018
